ls tests/p2a-test > /tmp/output11
cat /tmp/output11
test1
test2
test3
test4
rm -f /tmp/output11
exit
