ls -a
.
..
cpplint.out
cpplint.py
mysh
mysh.c
.mysh.c.swp
sleepingbeauty
tester
tests
tests-out
val.txt
echo "This is the last command"
"This is the last command"
