spawn make CPUS=1 -f Makefile.test qemu-nox
qemu-system-i386 -nographic -drive file=fs.img,index=1,media=disk,format=raw -drive file=xv6.img,index=0,media=disk,format=raw -smp 1 -m 512 
xv6...
cpu0: starting 0
sb: size 1000 nblocks 941 ninodes 200 nlog 30 logstart 2 inodestart 32 bmap start 58
init: starting sh
$ test_1
Frames: DFFF PIDs: 1
Frames: DFC7 PIDs: 3
Frames: DFC6 PIDs: 3
Frames: DFC5 PIDs: 3
Frames: DFC4 PIDs: 3
Frames: DFC3 PIDs: 3
Frames: DFC2 PIDs: 3
Frames: DFC1 PIDs: 3
Frames: DFC0 PIDs: 3
Frames: DFBE PIDs: 2
Frames: DFBC PIDs: 3
Frames: DF7A PIDs: 1
Frames: DF78 PIDs: 1
Frames: DF77 PIDs: 1
$ QEMU: Terminated
